
> admin_web@0.1.0 dev
> next dev

▲ Next.js 16.2.11 (Turbopack)
- Local:         http://localhost:3000
- Network:       http://169.254.0.21:3000
- Environments: .env
✓ Ready in 597ms
⚠ Warning: Next.js inferred your workspace root, but it may not be correct.
 We detected multiple lockfiles and selected the directory of /home/user/package-lock.json as the root directory.
 To silence this warning, set `turbopack.root` in your Next.js config, or consider removing one of the lockfiles if it's not needed.
   See https://nextjs.org/docs/app/api-reference/config/next-config-js/turbopack#root-directory for more information.
 Detected additional lockfiles: 
   * /home/user/admin_web/package-lock.json


 GET /api/public/wallet?userId=15 200 in 1381ms (next.js: 1010ms, application-code: 371ms)
 GET /api/public/wishes/w0231/comments 400 in 1647ms (next.js: 1623ms, application-code: 25ms)
 GET /api/public/wishes/27/comments 400 in 63ms (next.js: 42ms, application-code: 21ms)
 GET /api/public/wishes/27/comments 400 in 26ms (next.js: 8ms, application-code: 18ms)
 GET /api/public/wishes/w_27/comments 200 in 108ms (next.js: 43ms, application-code: 64ms)
 GET /api/public/wishes/w_27/comments 200 in 30ms (next.js: 7ms, application-code: 24ms)
 POST /api/public/wishes/w_27/comments 200 in 292ms (next.js: 41ms, application-code: 251ms)
 POST /api/public/wishes/w_21/comments 200 in 101ms (next.js: 36ms, application-code: 65ms)
 POST /api/public/wishes/w_22/comments 200 in 64ms (next.js: 4ms, application-code: 60ms)
 POST /api/public/wishes/w_23/comments 200 in 80ms (next.js: 39ms, application-code: 40ms)
 POST /api/public/wishes/w_24/comments 404 in 67ms (next.js: 35ms, application-code: 32ms)
 POST /api/public/wishes/w_25/comments 400 in 14ms (next.js: 5ms, application-code: 9ms)
 POST /api/public/wishes/w_22/comments 200 in 52ms (next.js: 27ms, application-code: 25ms)
 POST /api/public/wishes/w_20/comments 400 in 23ms (next.js: 9ms, application-code: 14ms)
 GET /api/public/wallet?userId=15 200 in 32ms (next.js: 9ms, application-code: 22ms)
 GET /api/public/wallet?userId=15 200 in 11ms (next.js: 3ms, application-code: 8ms)
 GET /api/public/pass/policies 200 in 507ms (next.js: 476ms, application-code: 31ms)
 OPTIONS /api/public/wishes/my 200 in 634ms (next.js: 629ms, application-code: 5ms)
 GET /api/public/healing-quotes 200 in 659ms (next.js: 646ms, application-code: 13ms)
 GET /api/public/attendance/status?userId=15 200 in 739ms (next.js: 730ms, application-code: 9ms)
 GET /api/public/page-configs/home 200 in 873ms (next.js: 846ms, application-code: 26ms)
 OPTIONS /api/public/auth/me 200 in 948ms (next.js: 944ms, application-code: 4ms)
 GET /api/public/notifications?userId=15&limit=50 200 in 927ms (next.js: 917ms, application-code: 10ms)
 GET /api/public/intro-config 200 in 1182ms (next.js: 1171ms, application-code: 11ms)
 GET /api/public/wallet?userId=15 200 in 18ms (next.js: 9ms, application-code: 9ms)
 GET /api/public/pass/policies 200 in 27ms (next.js: 18ms, application-code: 9ms)
 GET /api/public/wishes/my 200 in 43ms (next.js: 28ms, application-code: 16ms)
 GET /api/public/attendance/status?userId=15 200 in 41ms (next.js: 32ms, application-code: 9ms)
 GET /api/public/auth/me 200 in 60ms (next.js: 42ms, application-code: 18ms)
 GET /api/public/wallet?userId=15 200 in 21ms (next.js: 6ms, application-code: 14ms)
 GET /api/public/pass/status?userId=15 200 in 407ms (next.js: 394ms, application-code: 13ms)
 GET /api/public/wallet?userId=15 200 in 21ms (next.js: 5ms, application-code: 16ms)
 GET /api/public/pass/status?userId=15 200 in 19ms (next.js: 6ms, application-code: 13ms)
 GET /api/public/grades 200 in 351ms (next.js: 339ms, application-code: 12ms)
 GET /api/public/wallet?userId=15 200 in 22ms (next.js: 5ms, application-code: 17ms)
 GET /api/public/pass/policies 200 in 28ms (next.js: 10ms, application-code: 18ms)
 GET /api/public/page-configs/home 200 in 50ms (next.js: 34ms, application-code: 17ms)
 GET /api/public/attendance/status?userId=15 200 in 40ms (next.js: 29ms, application-code: 11ms)
 OPTIONS /api/public/wishes/my 200 in 25ms (next.js: 19ms, application-code: 6ms)
 GET /api/public/healing-quotes 200 in 20ms (next.js: 14ms, application-code: 7ms)
 GET /api/public/notifications?userId=15&limit=50 200 in 22ms (next.js: 16ms, application-code: 6ms)
 GET /api/public/wallet?userId=15 200 in 19ms (next.js: 11ms, application-code: 8ms)
 GET /api/public/pass/policies 200 in 21ms (next.js: 7ms, application-code: 14ms)
 GET /api/public/pass/status?userId=15 200 in 17ms (next.js: 5ms, application-code: 12ms)
 GET /api/public/wallet?userId=15 200 in 22ms (next.js: 7ms, application-code: 15ms)
 GET /api/public/attendance/status?userId=15 200 in 43ms (next.js: 33ms, application-code: 10ms)
 GET /api/public/wishes/my 200 in 52ms (next.js: 24ms, application-code: 27ms)
 GET /api/public/wallet?userId=15 200 in 22ms (next.js: 5ms, application-code: 17ms)
 GET /api/public/pass/status?userId=15 200 in 24ms (next.js: 10ms, application-code: 14ms)
 GET /api/public/wallet?userId=15 200 in 41ms (next.js: 26ms, application-code: 15ms)
 GET /api/public/wallet?userId=15 200 in 22ms (next.js: 6ms, application-code: 16ms)
 GET /api/public/wallet?userId=15 200 in 20ms (next.js: 5ms, application-code: 15ms)
 GET /api/public/intro-config 200 in 25ms (next.js: 13ms, application-code: 12ms)
 GET /api/public/attendance/status?userId=15 200 in 37ms (next.js: 27ms, application-code: 10ms)
 OPTIONS /api/public/auth/me 200 in 45ms (next.js: 39ms, application-code: 7ms)
 GET /api/public/wallet?userId=15 200 in 27ms (next.js: 17ms, application-code: 10ms)
 GET /api/public/pass/policies 200 in 38ms (next.js: 26ms, application-code: 13ms)
 GET /api/public/notifications?userId=15&limit=50 200 in 39ms (next.js: 29ms, application-code: 10ms)
 GET /api/public/healing-quotes 200 in 36ms (next.js: 26ms, application-code: 10ms)
 GET /api/public/page-configs/home 200 in 36ms (next.js: 19ms, application-code: 17ms)
 OPTIONS /api/public/wishes/my 200 in 15ms (next.js: 5ms, application-code: 10ms)
 GET /api/public/attendance/status?userId=15 200 in 15ms (next.js: 5ms, application-code: 11ms)
 GET /api/public/auth/me 200 in 22ms (next.js: 4ms, application-code: 18ms)
 GET /api/public/wallet?userId=15 200 in 19ms (next.js: 6ms, application-code: 12ms)
 GET /api/public/pass/policies 200 in 18ms (next.js: 4ms, application-code: 14ms)
 GET /api/public/pass/status?userId=15 200 in 18ms (next.js: 5ms, application-code: 13ms)
 GET /api/public/wishes/my 200 in 18ms (next.js: 4ms, application-code: 14ms)
 GET /api/public/wallet?userId=15 200 in 19ms (next.js: 6ms, application-code: 13ms)
 GET /api/public/grades 200 in 11ms (next.js: 3ms, application-code: 7ms)
 GET /api/public/pass/status?userId=15 200 in 17ms (next.js: 5ms, application-code: 12ms)
 GET /api/public/wallet?userId=15 200 in 19ms (next.js: 5ms, application-code: 15ms)
 GET /api/public/wallet?userId=15 200 in 22ms (next.js: 5ms, application-code: 17ms)
 GET /api/public/pass/policies 200 in 55ms (next.js: 27ms, application-code: 28ms)
 GET /api/public/healing-quotes 200 in 65ms (next.js: 56ms, application-code: 9ms)
 GET /api/public/attendance/status?userId=15 200 in 87ms (next.js: 78ms, application-code: 9ms)
 GET /api/public/notifications?userId=15&limit=50 200 in 111ms (next.js: 88ms, application-code: 23ms)
 GET /api/public/page-configs/home 200 in 123ms (next.js: 112ms, application-code: 11ms)
 GET /api/public/wishes/my 200 in 140ms (next.js: 67ms, application-code: 74ms)
 GET /api/public/wallet?userId=15 200 in 13ms (next.js: 3ms, application-code: 11ms)
 GET /api/public/pass/policies 200 in 19ms (next.js: 5ms, application-code: 14ms)
 GET /api/public/attendance/status?userId=15 200 in 16ms (next.js: 5ms, application-code: 11ms)
 GET /api/public/wallet?userId=15 200 in 23ms (next.js: 5ms, application-code: 19ms)
 GET /api/public/wallet?userId=15 200 in 19ms (next.js: 5ms, application-code: 14ms)
 GET /api/public/pass/status?userId=15 200 in 17ms (next.js: 5ms, application-code: 12ms)
 GET /api/public/wallet?userId=15 200 in 20ms (next.js: 5ms, application-code: 15ms)
 GET /api/public/pass/status?userId=15 200 in 18ms (next.js: 6ms, application-code: 12ms)
 GET /api/public/wallet?userId=15 200 in 20ms (next.js: 5ms, application-code: 15ms)
 GET /api/public/wallet?userId=15 200 in 18ms (next.js: 5ms, application-code: 14ms)
 GET /api/public/wallet?userId=15 200 in 18ms (next.js: 4ms, application-code: 14ms)
 GET /api/public/wishes/my 200 in 18ms (next.js: 5ms, application-code: 14ms)
 OPTIONS /api/public/wishes/pending-openings 200 in 438ms (next.js: 422ms, application-code: 17ms)
 GET /api/public/wishes/pending-openings 200 in 32ms (next.js: 5ms, application-code: 27ms)
 OPTIONS /api/public/wishes/my 200 in 12ms (next.js: 4ms, application-code: 8ms)
 GET /api/public/wishes/my 200 in 19ms (next.js: 4ms, application-code: 15ms)
 GET /api/public/shop/seals 200 in 348ms (next.js: 340ms, application-code: 8ms)
 GET /api/public/shop/candles 200 in 438ms (next.js: 432ms, application-code: 6ms)
 OPTIONS /api/public/inventory 200 in 503ms (next.js: 499ms, application-code: 4ms)
 GET /api/public/shop/talismans 200 in 573ms (next.js: 567ms, application-code: 6ms)
 GET /api/public/inventory 200 in 33ms (next.js: 6ms, application-code: 27ms)
 GET /api/public/shop/candles 200 in 22ms (next.js: 11ms, application-code: 12ms)
 GET /api/public/shop/seals 200 in 42ms (next.js: 32ms, application-code: 10ms)
 GET /api/public/inventory 200 in 51ms (next.js: 24ms, application-code: 26ms)
 GET /api/public/shop/talismans 200 in 59ms (next.js: 51ms, application-code: 8ms)
 GET /api/public/intro-config 200 in 27ms (next.js: 11ms, application-code: 16ms)
 GET /api/public/wallet?userId=15 200 in 49ms (next.js: 32ms, application-code: 17ms)
 GET /api/public/pass/policies 200 in 47ms (next.js: 30ms, application-code: 17ms)
 GET /api/public/page-configs/home 200 in 41ms (next.js: 29ms, application-code: 12ms)
 OPTIONS /api/public/wishes/my 200 in 31ms (next.js: 25ms, application-code: 5ms)
 GET /api/public/attendance/status?userId=15 200 in 22ms (next.js: 15ms, application-code: 7ms)
 OPTIONS /api/public/auth/me 200 in 23ms (next.js: 17ms, application-code: 7ms)
 GET /api/public/notifications?userId=15&limit=50 200 in 18ms (next.js: 12ms, application-code: 6ms)
 GET /api/public/healing-quotes 200 in 17ms (next.js: 11ms, application-code: 6ms)
 GET /api/public/wallet?userId=15 200 in 22ms (next.js: 5ms, application-code: 18ms)
 GET /api/public/pass/policies 200 in 21ms (next.js: 5ms, application-code: 16ms)
 GET /api/public/wallet?userId=15 200 in 23ms (next.js: 10ms, application-code: 14ms)
 GET /api/public/attendance/status?userId=15 200 in 33ms (next.js: 25ms, application-code: 8ms)
 GET /api/public/pass/status?userId=15 200 in 67ms (next.js: 55ms, application-code: 12ms)
 GET /api/public/auth/me 200 in 79ms (next.js: 39ms, application-code: 41ms)
 GET /api/public/wishes/my 200 in 86ms (next.js: 48ms, application-code: 38ms)
 GET /api/public/wallet?userId=15 200 in 20ms (next.js: 5ms, application-code: 15ms)
 GET /api/public/pass/status?userId=15 200 in 23ms (next.js: 7ms, application-code: 16ms)
 GET /api/public/grades 200 in 33ms (next.js: 24ms, application-code: 9ms)
 GET /api/public/wallet?userId=15 200 in 19ms (next.js: 5ms, application-code: 14ms)
 GET /api/public/healing-quotes 200 in 21ms (next.js: 10ms, application-code: 11ms)
 GET /api/public/pass/policies 200 in 37ms (next.js: 23ms, application-code: 14ms)
 GET /api/public/page-configs/home 200 in 67ms (next.js: 50ms, application-code: 17ms)
 GET /api/public/attendance/status?userId=15 200 in 43ms (next.js: 33ms, application-code: 10ms)
 GET /api/public/wallet?userId=15 200 in 33ms (next.js: 22ms, application-code: 11ms)
 GET /api/public/notifications?userId=15&limit=50 200 in 41ms (next.js: 35ms, application-code: 6ms)
 GET /api/public/wishes/my 200 in 48ms (next.js: 35ms, application-code: 13ms)
 GET /api/public/pass/policies 200 in 19ms (next.js: 5ms, application-code: 15ms)
 GET /api/public/attendance/status?userId=15 200 in 16ms (next.js: 5ms, application-code: 10ms)
 GET /api/public/wallet?userId=15 200 in 31ms (next.js: 18ms, application-code: 13ms)
 GET /api/public/pass/status?userId=15 200 in 17ms (next.js: 5ms, application-code: 12ms)
 GET /api/public/wallet?userId=15 200 in 18ms (next.js: 4ms, application-code: 14ms)
 GET /api/public/wallet?userId=15 200 in 21ms (next.js: 5ms, application-code: 16ms)
 GET /api/public/wallet?userId=15 200 in 20ms (next.js: 6ms, application-code: 14ms)
 GET /api/public/pass/status?userId=15 200 in 34ms (next.js: 22ms, application-code: 12ms)
 GET /api/public/wallet?userId=15 200 in 20ms (next.js: 5ms, application-code: 15ms)
 GET /api/public/wallet?userId=15 200 in 21ms (next.js: 5ms, application-code: 17ms)
 GET /api/public/wishes/my 200 in 19ms (next.js: 5ms, application-code: 14ms)
 OPTIONS /api/public/wishes/pending-openings 200 in 13ms (next.js: 4ms, application-code: 8ms)
 GET /api/public/wishes/pending-openings 200 in 25ms (next.js: 5ms, application-code: 20ms)
 OPTIONS /api/public/wishes 200 in 401ms (next.js: 392ms, application-code: 9ms)
 GET /api/public/wishes 200 in 38ms (next.js: 5ms, application-code: 33ms)
 OPTIONS /api/public/wishes/w_23/support 200 in 1377ms (next.js: 1360ms, application-code: 17ms)
 OPTIONS /api/public/wishes/w_23/comments 200 in 56ms (next.js: 45ms, application-code: 10ms)
 GET /api/public/wishes/w_23/comments 200 in 63ms (next.js: 7ms, application-code: 57ms)
 POST /api/public/wishes/w_23/support 200 in 83ms (next.js: 44ms, application-code: 39ms)
 OPTIONS /api/public/wishes/w_23 200 in 1548ms (next.js: 1532ms, application-code: 16ms)
 GET /api/public/wishes/w_23 200 in 68ms (next.js: 44ms, application-code: 24ms)
 OPTIONS /api/public/wishes/w_23/comments 200 in 73ms (next.js: 58ms, application-code: 15ms)
 GET /api/public/wishes/w_23/comments 200 in 28ms (next.js: 6ms, application-code: 22ms)
 OPTIONS /api/public/wishes/w_23/comments 200 in 59ms (next.js: 48ms, application-code: 11ms)
 POST /api/public/wishes/w_23/comments 200 in 39ms (next.js: 8ms, application-code: 32ms)
 GET /api/public/pass/policies 200 in 27ms (next.js: 7ms, application-code: 19ms)
 OPTIONS /api/public/auth/me 200 in 20ms (next.js: 13ms, application-code: 8ms)
 GET /api/public/wallet?userId=15 200 in 36ms (next.js: 20ms, application-code: 16ms)
 GET /api/public/intro-config 200 in 40ms (next.js: 32ms, application-code: 8ms)
 GET /api/public/healing-quotes 200 in 33ms (next.js: 21ms, application-code: 11ms)
 OPTIONS /api/public/wishes/my 200 in 28ms (next.js: 21ms, application-code: 7ms)
 GET /api/public/page-configs/home 200 in 27ms (next.js: 14ms, application-code: 13ms)
 GET /api/public/notifications?userId=15&limit=50 200 in 24ms (next.js: 18ms, application-code: 6ms)
 GET /api/public/attendance/status?userId=15 200 in 13ms (next.js: 4ms, application-code: 9ms)
 GET /api/public/pass/policies 200 in 20ms (next.js: 5ms, application-code: 15ms)
 GET /api/public/pass/status?userId=15 200 in 23ms (next.js: 11ms, application-code: 12ms)
 GET /api/public/auth/me 200 in 33ms (next.js: 5ms, application-code: 28ms)
 GET /api/public/wallet?userId=15 200 in 20ms (next.js: 5ms, application-code: 15ms)
 GET /api/public/attendance/status?userId=15 200 in 16ms (next.js: 5ms, application-code: 11ms)
 GET /api/public/wishes/my 200 in 20ms (next.js: 7ms, application-code: 13ms)
 GET /api/public/pass/status?userId=15 200 in 17ms (next.js: 5ms, application-code: 12ms)
 GET /api/public/wallet?userId=15 200 in 20ms (next.js: 5ms, application-code: 16ms)
 GET /api/public/healing-quotes 200 in 32ms (next.js: 21ms, application-code: 11ms)
 GET /api/public/page-configs/home 200 in 54ms (next.js: 33ms, application-code: 21ms)
 GET /api/public/pass/policies 200 in 71ms (next.js: 57ms, application-code: 14ms)
 GET /api/public/attendance/status?userId=15 200 in 85ms (next.js: 74ms, application-code: 11ms)
 GET /api/public/wallet?userId=15 200 in 40ms (next.js: 28ms, application-code: 12ms)
 GET /api/public/wallet?userId=15 200 in 51ms (next.js: 41ms, application-code: 10ms)
 GET /api/public/notifications?userId=15&limit=50 200 in 62ms (next.js: 52ms, application-code: 10ms)
 GET /api/public/wishes/my 200 in 73ms (next.js: 63ms, application-code: 10ms)
 GET /api/public/auth/me 200 in 69ms (next.js: 57ms, application-code: 12ms)
 GET /api/public/intro-config 200 in 32ms (next.js: 24ms, application-code: 7ms)
 GET /api/public/wallet?userId=15 200 in 26ms (next.js: 5ms, application-code: 21ms)
 GET /api/public/pass/policies 200 in 19ms (next.js: 4ms, application-code: 15ms)
 GET /api/public/attendance/status?userId=15 200 in 15ms (next.js: 5ms, application-code: 10ms)
 GET /api/public/pass/status?userId=15 200 in 29ms (next.js: 18ms, application-code: 11ms)
 GET /api/public/wallet?userId=15 200 in 20ms (next.js: 4ms, application-code: 16ms)
 GET /api/public/grades 200 in 15ms (next.js: 5ms, application-code: 11ms)
 GET /api/public/pass/status?userId=15 200 in 15ms (next.js: 4ms, application-code: 11ms)
 GET /api/public/wallet?userId=15 200 in 17ms (next.js: 4ms, application-code: 13ms)
 GET /api/public/wallet?userId=15 200 in 19ms (next.js: 4ms, application-code: 14ms)
Persisting failed: Unable to write SST file 00000068.sst

Caused by:
    No such file or directory (os error 2)
Compaction failed: Another write batch or compaction is already active (Only a single write operations is allowed at a time)
[?25h
