
> admin_web@0.1.0 dev
> next dev

▲ Next.js 16.2.11 (Turbopack)
- Local:         http://localhost:3000
- Network:       http://169.254.0.21:3000
- Environments: .env
✓ Ready in 675ms
⚠ Warning: Next.js inferred your workspace root, but it may not be correct.
 We detected multiple lockfiles and selected the directory of /home/user/package-lock.json as the root directory.
 To silence this warning, set `turbopack.root` in your Next.js config, or consider removing one of the lockfiles if it's not needed.
   See https://nextjs.org/docs/app/api-reference/config/next-config-js/turbopack#root-directory for more information.
 Detected additional lockfiles: 
   * /home/user/admin_web/package-lock.json


 HEAD / 307 in 631ms (next.js: 278ms, application-code: 353ms)
 POST /api/public/auth/login 200 in 782ms (next.js: 307ms, application-code: 476ms)
 POST /api/public/auth/welcome-gift/claim 200 in 390ms (next.js: 359ms, application-code: 31ms)
 GET /api/public/auth/me 200 in 120ms (next.js: 105ms, application-code: 15ms)
 GET /api/public/page-configs/home 200 in 198ms (next.js: 160ms, application-code: 38ms)
 GET /api/public/intro-config 200 in 340ms (next.js: 331ms, application-code: 10ms)
 GET /api/public/pass/policies 200 in 415ms (next.js: 397ms, application-code: 19ms)
 GET /api/public/wallet?userId=1 200 in 173ms (next.js: 161ms, application-code: 12ms)
 GET /api/public/attendance/status?userId=1 200 in 158ms (next.js: 149ms, application-code: 9ms)
 GET /api/public/healing-quotes 200 in 154ms (next.js: 144ms, application-code: 10ms)
 GET /api/public/wishes/my 401 in 170ms (next.js: 162ms, application-code: 7ms)
 GET /api/public/notifications?userId=1&limit=50 200 in 175ms (next.js: 167ms, application-code: 8ms)
 GET /api/public/pass/policies 200 in 13ms (next.js: 5ms, application-code: 8ms)
 GET /api/public/pass/status?userId=1 200 in 89ms (next.js: 80ms, application-code: 10ms)
 GET /api/public/wallet?userId=1 200 in 99ms (next.js: 91ms, application-code: 8ms)
 GET /api/public/attendance/status?userId=1 200 in 18ms (next.js: 13ms, application-code: 5ms)
 GET /api/public/pass/status?userId=1 200 in 22ms (next.js: 6ms, application-code: 16ms)
 GET /api/public/wallet?userId=1 200 in 23ms (next.js: 5ms, application-code: 18ms)
 GET /api/public/wallet?userId=1 200 in 25ms (next.js: 6ms, application-code: 19ms)
 GET /api/public/wallet?userId=1 200 in 25ms (next.js: 6ms, application-code: 19ms)
 GET /api/public/wallet?userId=1 200 in 30ms (next.js: 6ms, application-code: 24ms)
 GET /api/public/intro-config 200 in 19ms (next.js: 6ms, application-code: 13ms)
 GET /api/public/pass/policies 200 in 38ms (next.js: 14ms, application-code: 24ms)
 GET /api/public/page-configs/home 200 in 67ms (next.js: 45ms, application-code: 22ms)
 GET /api/public/wishes/my 401 in 48ms (next.js: 40ms, application-code: 8ms)
 GET /api/public/intro-config 200 in 32ms (next.js: 24ms, application-code: 9ms)
 GET /api/public/healing-quotes 200 in 29ms (next.js: 22ms, application-code: 7ms)
 GET /api/public/wallet?userId=1 200 in 32ms (next.js: 19ms, application-code: 13ms)
 GET /api/public/attendance/status?userId=1 200 in 29ms (next.js: 21ms, application-code: 8ms)
 GET /api/public/notifications?userId=1&limit=50 200 in 20ms (next.js: 14ms, application-code: 6ms)
 GET /api/public/pass/policies 200 in 20ms (next.js: 6ms, application-code: 15ms)
 GET /api/public/pass/status?userId=1 200 in 16ms (next.js: 4ms, application-code: 12ms)
 GET /api/public/wallet?userId=1 200 in 38ms (next.js: 11ms, application-code: 28ms)
 GET /api/public/attendance/status?userId=1 200 in 57ms (next.js: 41ms, application-code: 16ms)
 GET /api/public/pass/status?userId=1 200 in 16ms (next.js: 5ms, application-code: 11ms)
 GET /api/public/wallet?userId=1 200 in 24ms (next.js: 5ms, application-code: 19ms)
 GET /api/public/wallet?userId=1 200 in 21ms (next.js: 5ms, application-code: 16ms)
 GET /api/public/wallet?userId=1 200 in 20ms (next.js: 5ms, application-code: 15ms)
 GET /api/public/wallet?userId=1 200 in 24ms (next.js: 5ms, application-code: 19ms)
 GET /api/public/attendance/status?userId=1 200 in 44ms (next.js: 18ms, application-code: 25ms)
 GET /api/public/intro-config 200 in 71ms (next.js: 46ms, application-code: 25ms)
 GET /api/public/wallet?userId=1 200 in 84ms (next.js: 74ms, application-code: 11ms)
 GET /api/public/notifications?userId=1&limit=50 200 in 35ms (next.js: 25ms, application-code: 10ms)
 GET /api/public/page-configs/home 200 in 28ms (next.js: 17ms, application-code: 12ms)
 GET /api/public/healing-quotes 200 in 25ms (next.js: 18ms, application-code: 7ms)
 GET /api/public/wishes/my 401 in 17ms (next.js: 13ms, application-code: 4ms)
 GET /api/public/pass/policies 200 in 17ms (next.js: 11ms, application-code: 7ms)
 GET /api/public/attendance/status?userId=1 200 in 21ms (next.js: 10ms, application-code: 11ms)
 GET /api/public/wallet?userId=1 200 in 25ms (next.js: 6ms, application-code: 19ms)
 GET /api/public/pass/policies 200 in 29ms (next.js: 7ms, application-code: 22ms)
 GET /api/public/pass/status?userId=1 200 in 47ms (next.js: 31ms, application-code: 16ms)
 GET /api/public/wallet?userId=1 200 in 24ms (next.js: 5ms, application-code: 19ms)
 GET /api/public/pass/status?userId=1 200 in 19ms (next.js: 7ms, application-code: 13ms)
 GET /api/public/wallet?userId=1 200 in 26ms (next.js: 6ms, application-code: 19ms)
 GET /api/public/wallet?userId=1 200 in 31ms (next.js: 7ms, application-code: 24ms)
 GET /api/public/wallet?userId=1 200 in 20ms (next.js: 5ms, application-code: 15ms)
 GET /api/public/healing-quotes 200 in 28ms (next.js: 13ms, application-code: 15ms)
 GET /api/public/wallet?userId=1 200 in 47ms (next.js: 30ms, application-code: 17ms)
 GET /api/public/intro-config 200 in 59ms (next.js: 47ms, application-code: 12ms)
 GET /api/public/attendance/status?userId=1 200 in 32ms (next.js: 23ms, application-code: 9ms)
 GET /api/public/notifications?userId=1&limit=50 200 in 26ms (next.js: 20ms, application-code: 6ms)
 GET /api/public/wishes/my 401 in 19ms (next.js: 15ms, application-code: 4ms)
 GET /api/public/pass/policies 200 in 20ms (next.js: 11ms, application-code: 9ms)
 GET /api/public/page-configs/home 200 in 24ms (next.js: 13ms, application-code: 11ms)
 GET /api/public/wallet?userId=1 200 in 15ms (next.js: 4ms, application-code: 10ms)
 GET /api/public/attendance/status?userId=1 200 in 17ms (next.js: 6ms, application-code: 11ms)
 GET /api/public/pass/policies 200 in 22ms (next.js: 6ms, application-code: 16ms)
 GET /api/public/pass/status?userId=1 200 in 15ms (next.js: 5ms, application-code: 10ms)
 GET /api/public/wallet?userId=1 200 in 14ms (next.js: 3ms, application-code: 11ms)
 GET /api/public/pass/status?userId=1 200 in 17ms (next.js: 5ms, application-code: 12ms)
 GET /api/public/wallet?userId=1 200 in 19ms (next.js: 5ms, application-code: 14ms)
 GET /api/public/wallet?userId=1 200 in 23ms (next.js: 4ms, application-code: 19ms)
 GET /api/public/wallet?userId=1 200 in 19ms (next.js: 4ms, application-code: 14ms)
 GET /api/public/page-configs/home 200 in 29ms (next.js: 10ms, application-code: 19ms)
 GET /api/public/wishes/my 401 in 40ms (next.js: 31ms, application-code: 8ms)
 GET /api/public/intro-config 200 in 53ms (next.js: 44ms, application-code: 9ms)
 GET /api/public/attendance/status?userId=1 200 in 27ms (next.js: 20ms, application-code: 8ms)
 GET /api/public/pass/policies 200 in 30ms (next.js: 17ms, application-code: 12ms)
 GET /api/public/healing-quotes 200 in 27ms (next.js: 20ms, application-code: 7ms)
 GET /api/public/wallet?userId=1 200 in 26ms (next.js: 13ms, application-code: 13ms)
 GET /api/public/notifications?userId=1&limit=50 200 in 26ms (next.js: 20ms, application-code: 6ms)
 GET /api/public/attendance/status?userId=1 200 in 19ms (next.js: 5ms, application-code: 15ms)
 GET /api/public/wallet?userId=1 200 in 26ms (next.js: 9ms, application-code: 17ms)
 GET /api/public/pass/policies 200 in 44ms (next.js: 31ms, application-code: 13ms)
 GET /api/public/pass/status?userId=1 200 in 12ms (next.js: 3ms, application-code: 9ms)
 GET /api/public/wallet?userId=1 200 in 25ms (next.js: 5ms, application-code: 20ms)
 GET /api/public/pass/status?userId=1 200 in 22ms (next.js: 5ms, application-code: 17ms)
 GET /api/public/wallet?userId=1 200 in 23ms (next.js: 4ms, application-code: 18ms)
 GET /api/public/wallet?userId=1 200 in 23ms (next.js: 5ms, application-code: 18ms)
 GET /api/public/wallet?userId=1 200 in 22ms (next.js: 5ms, application-code: 16ms)
 GET /api/public/wishes 200 in 197ms (next.js: 168ms, application-code: 29ms)
 GET /api/public/intro-config 200 in 24ms (next.js: 12ms, application-code: 12ms)
 GET /api/public/pass/policies 200 in 47ms (next.js: 32ms, application-code: 15ms)
 GET /api/public/wishes/my 401 in 46ms (next.js: 37ms, application-code: 9ms)
 GET /api/public/wallet?userId=1 200 in 42ms (next.js: 27ms, application-code: 16ms)
 GET /api/public/healing-quotes 200 in 42ms (next.js: 29ms, application-code: 14ms)
 GET /api/public/attendance/status?userId=1 200 in 32ms (next.js: 25ms, application-code: 8ms)
 GET /api/public/page-configs/home 200 in 35ms (next.js: 20ms, application-code: 16ms)
 GET /api/public/notifications?userId=1&limit=50 200 in 29ms (next.js: 23ms, application-code: 7ms)
 GET /api/public/pass/policies 200 in 22ms (next.js: 6ms, application-code: 16ms)
 GET /api/public/pass/status?userId=1 200 in 13ms (next.js: 4ms, application-code: 10ms)
 GET /api/public/wallet?userId=1 200 in 24ms (next.js: 5ms, application-code: 19ms)
 GET /api/public/attendance/status?userId=1 200 in 17ms (next.js: 4ms, application-code: 13ms)
 GET /api/public/pass/status?userId=1 200 in 17ms (next.js: 4ms, application-code: 12ms)
 GET /api/public/wallet?userId=1 200 in 20ms (next.js: 5ms, application-code: 15ms)
 GET /api/public/wallet?userId=1 200 in 19ms (next.js: 4ms, application-code: 15ms)
 GET /api/public/wallet?userId=1 200 in 23ms (next.js: 5ms, application-code: 18ms)
 GET /api/public/wallet?userId=1 200 in 18ms (next.js: 4ms, application-code: 14ms)
 GET /api/public/intro-config 200 in 36ms (next.js: 11ms, application-code: 25ms)
 GET /api/public/healing-quotes 200 in 52ms (next.js: 39ms, application-code: 14ms)
 GET /api/public/wallet?userId=1 200 in 68ms (next.js: 55ms, application-code: 13ms)
 GET /api/public/wishes/my 401 in 78ms (next.js: 71ms, application-code: 6ms)
 GET /api/public/pass/policies 200 in 35ms (next.js: 20ms, application-code: 15ms)
 GET /api/public/attendance/status?userId=1 200 in 36ms (next.js: 26ms, application-code: 10ms)
 GET /api/public/page-configs/home 200 in 32ms (next.js: 18ms, application-code: 14ms)
 GET /api/public/notifications?userId=1&limit=50 200 in 28ms (next.js: 20ms, application-code: 9ms)
 GET /api/public/wallet?userId=1 200 in 22ms (next.js: 5ms, application-code: 17ms)
 GET /api/public/pass/policies 200 in 23ms (next.js: 5ms, application-code: 18ms)
 GET /api/public/attendance/status?userId=1 200 in 21ms (next.js: 7ms, application-code: 15ms)
 GET /api/public/pass/status?userId=1 200 in 21ms (next.js: 5ms, application-code: 16ms)
 GET /api/public/wallet?userId=1 200 in 23ms (next.js: 4ms, application-code: 19ms)
 GET /api/public/pass/status?userId=1 200 in 22ms (next.js: 5ms, application-code: 17ms)
 GET /api/public/wallet?userId=1 200 in 20ms (next.js: 5ms, application-code: 15ms)
 GET /api/public/wallet?userId=1 200 in 24ms (next.js: 5ms, application-code: 19ms)
 GET /api/public/wallet?userId=1 200 in 20ms (next.js: 5ms, application-code: 15ms)
 GET /api/public/wishes 200 in 27ms (next.js: 5ms, application-code: 22ms)
 GET /api/public/wishes 200 in 28ms (next.js: 8ms, application-code: 19ms)
 POST /api/public/auth/login 401 in 200ms (next.js: 6ms, application-code: 194ms)
 POST /api/public/auth/signup 200 in 807ms (next.js: 568ms, application-code: 238ms)
 POST /api/public/auth/signup 200 in 175ms (next.js: 4ms, application-code: 171ms)
 POST /api/public/auth/signup 200 in 204ms (next.js: 6ms, application-code: 198ms)
 POST /api/public/wishes 400 in 23ms (next.js: 8ms, application-code: 15ms)
 POST /api/public/wishes 400 in 23ms (next.js: 8ms, application-code: 15ms)
 POST /api/public/wishes 400 in 19ms (next.js: 6ms, application-code: 13ms)
 POST /api/public/wishes 200 in 115ms (next.js: 4ms, application-code: 111ms)
 GET /api/public/wishes/w_29 200 in 1407ms (next.js: 1371ms, application-code: 36ms)
 POST /api/public/wishes/w_29/support 200 in 1326ms (next.js: 1273ms, application-code: 53ms)
 POST /api/public/wishes/w_29/support 200 in 122ms (next.js: 94ms, application-code: 28ms)
 POST /api/public/wishes/w_29/support 200 in 119ms (next.js: 86ms, application-code: 33ms)
 GET /api/public/wallet 200 in 21ms (next.js: 5ms, application-code: 16ms)
 POST /api/public/wishes/w_29/bokju 200 in 1666ms (next.js: 1603ms, application-code: 63ms)
 GET /api/public/wallet 200 in 22ms (next.js: 5ms, application-code: 17ms)
 GET /api/public/wallet?userId=49 200 in 19ms (next.js: 5ms, application-code: 14ms)
 POST /api/public/wishes/w_29/comments 400 in 1375ms (next.js: 1361ms, application-code: 14ms)
 POST /api/public/wishes/w_29/comments 200 in 184ms (next.js: 94ms, application-code: 90ms)
 GET /api/public/wishes?sort=latest 200 in 28ms (next.js: 5ms, application-code: 23ms)
 GET /api/public/wishes?sort=popular 200 in 41ms (next.js: 9ms, application-code: 33ms)
 GET /api/public/wishes/w_10 200 in 118ms (next.js: 99ms, application-code: 20ms)
 GET /api/public/wishes/w_29 200 in 22ms (next.js: 7ms, application-code: 15ms)
 GET /api/public/wishes/w_29 200 in 105ms (next.js: 92ms, application-code: 13ms)
 POST /api/public/wishes/w_29/report 404 in 1114ms (next.js: 994ms, application-code: 120ms)
 POST /api/public/reports 200 in 443ms (next.js: 424ms, application-code: 20ms)
 GET /api/public/healing-quotes 200 in 28ms (next.js: 15ms, application-code: 13ms)
 GET /api/public/wishes/my 401 in 41ms (next.js: 33ms, application-code: 8ms)
 GET /api/public/wallet?userId=1 200 in 58ms (next.js: 41ms, application-code: 16ms)
 GET /api/public/pass/policies 200 in 48ms (next.js: 29ms, application-code: 18ms)
 GET /api/public/page-configs/home 200 in 51ms (next.js: 33ms, application-code: 18ms)
 GET /api/public/notifications?userId=1&limit=50 200 in 40ms (next.js: 32ms, application-code: 8ms)
 GET /api/public/attendance/status?userId=1 200 in 27ms (next.js: 19ms, application-code: 8ms)
 GET /api/public/intro-config 200 in 24ms (next.js: 15ms, application-code: 9ms)
 GET /api/public/wallet?userId=1 200 in 10ms (next.js: 3ms, application-code: 7ms)
 GET /api/public/pass/policies 200 in 28ms (next.js: 7ms, application-code: 21ms)
 GET /api/public/pass/status?userId=1 200 in 22ms (next.js: 7ms, application-code: 15ms)
 GET /api/public/attendance/status?userId=1 200 in 17ms (next.js: 6ms, application-code: 11ms)
 GET /api/public/wallet?userId=1 200 in 15ms (next.js: 3ms, application-code: 12ms)
 GET /api/public/pass/status?userId=1 200 in 16ms (next.js: 5ms, application-code: 11ms)
 GET /api/public/wallet?userId=1 200 in 20ms (next.js: 4ms, application-code: 15ms)
 GET /api/public/wallet?userId=1 200 in 20ms (next.js: 5ms, application-code: 15ms)
 GET /api/public/wallet?userId=1 200 in 23ms (next.js: 5ms, application-code: 18ms)
 GET /api/public/intro-config 200 in 22ms (next.js: 5ms, application-code: 16ms)
 GET /api/public/notifications?userId=1&limit=50 200 in 43ms (next.js: 30ms, application-code: 13ms)
 GET /api/public/wallet?userId=1 200 in 51ms (next.js: 45ms, application-code: 6ms)
 GET /api/public/attendance/status?userId=1 200 in 39ms (next.js: 32ms, application-code: 7ms)
 GET /api/public/page-configs/home 200 in 31ms (next.js: 19ms, application-code: 12ms)
 GET /api/public/healing-quotes 200 in 33ms (next.js: 26ms, application-code: 7ms)
 GET /api/public/pass/policies 200 in 23ms (next.js: 14ms, application-code: 9ms)
 GET /api/public/wallet?userId=1 200 in 22ms (next.js: 14ms, application-code: 8ms)
 GET /api/public/wishes/my 401 in 29ms (next.js: 24ms, application-code: 5ms)
 GET /api/public/attendance/status?userId=1 200 in 23ms (next.js: 19ms, application-code: 4ms)
 GET /api/public/pass/policies 200 in 10ms (next.js: 3ms, application-code: 7ms)
 GET /api/public/wallet?userId=1 200 in 17ms (next.js: 11ms, application-code: 7ms)
 GET /api/public/pass/status?userId=1 200 in 12ms (next.js: 4ms, application-code: 9ms)
 GET /api/public/wallet?userId=1 200 in 26ms (next.js: 13ms, application-code: 13ms)
 GET /api/public/pass/status?userId=1 200 in 11ms (next.js: 3ms, application-code: 7ms)
 GET /api/public/wallet?userId=1 200 in 27ms (next.js: 18ms, application-code: 9ms)
 GET /api/public/wallet?userId=1 200 in 13ms (next.js: 3ms, application-code: 10ms)
 GET /api/public/intro-config 200 in 33ms (next.js: 4ms, application-code: 29ms)
 GET /api/public/wishes?userId=1&scope=mine 200 in 25ms (next.js: 5ms, application-code: 20ms)
 GET / 307 in 135ms (next.js: 9ms, application-code: 126ms)
 GET /api/public/wishes?userId=1&scope=mine 200 in 25ms (next.js: 5ms, application-code: 19ms)
 GET /api/public/wishes?userId=1&scope=mine 200 in 26ms (next.js: 8ms, application-code: 18ms)
 GET /api/public/attendance/status?userId=48 200 in 17ms (next.js: 4ms, application-code: 13ms)
 GET /api/public/wishes/my 401 in 29ms (next.js: 23ms, application-code: 6ms)
 GET /api/public/pass/policies 200 in 24ms (next.js: 15ms, application-code: 9ms)
 GET /api/public/healing-quotes 200 in 52ms (next.js: 31ms, application-code: 21ms)
 GET /api/public/notifications?userId=48&limit=50 200 in 50ms (next.js: 39ms, application-code: 11ms)
 GET /api/public/attendance/status?userId=48 200 in 32ms (next.js: 26ms, application-code: 6ms)
 GET /api/public/page-configs/home 200 in 55ms (next.js: 34ms, application-code: 21ms)
 GET /api/public/wishes/my 401 in 45ms (next.js: 38ms, application-code: 7ms)
 GET /api/public/pass/policies 200 in 54ms (next.js: 46ms, application-code: 8ms)
 GET /api/public/wallet?userId=48 200 in 63ms (next.js: 57ms, application-code: 6ms)
 GET /api/public/wallet?userId=48 200 in 8ms (next.js: 2ms, application-code: 5ms)
 GET /api/public/wallet?userId=48 200 in 9ms (next.js: 3ms, application-code: 6ms)
 GET /api/public/wishes/my 401 in 9ms (next.js: 3ms, application-code: 6ms)
 GET / 307 in 122ms (next.js: 5ms, application-code: 116ms)
 GET /api/public/healing-quotes 200 in 26ms (next.js: 10ms, application-code: 16ms)
 GET /api/public/attendance/status?userId=1 200 in 46ms (next.js: 31ms, application-code: 15ms)
 GET /api/public/intro-config 200 in 45ms (next.js: 29ms, application-code: 15ms)
 GET /api/public/wallet?userId=1 200 in 45ms (next.js: 28ms, application-code: 16ms)
 GET /api/public/page-configs/home 200 in 47ms (next.js: 29ms, application-code: 19ms)
 GET /api/public/notifications?userId=1&limit=50 200 in 39ms (next.js: 32ms, application-code: 7ms)
 GET /api/public/pass/policies 200 in 28ms (next.js: 17ms, application-code: 11ms)
 GET /api/public/wishes/my 401 in 10ms (next.js: 3ms, application-code: 7ms)
 GET /api/public/attendance/status?userId=1 200 in 16ms (next.js: 5ms, application-code: 11ms)
 GET /api/public/wallet?userId=1 200 in 19ms (next.js: 6ms, application-code: 13ms)
 GET /api/public/pass/policies 200 in 16ms (next.js: 4ms, application-code: 12ms)
 GET /api/public/pass/status?userId=1 200 in 24ms (next.js: 17ms, application-code: 7ms)
 GET /api/public/wallet?userId=1 200 in 20ms (next.js: 5ms, application-code: 15ms)
 GET /api/public/pass/status?userId=1 200 in 18ms (next.js: 5ms, application-code: 13ms)
 GET /api/public/wallet?userId=1 200 in 22ms (next.js: 6ms, application-code: 16ms)
 GET /api/public/wallet?userId=1 200 in 19ms (next.js: 5ms, application-code: 14ms)
 GET /api/public/wallet?userId=1 200 in 23ms (next.js: 5ms, application-code: 19ms)
 OPTIONS /api/public/wishes/my 200 in 15ms (next.js: 5ms, application-code: 9ms)
 GET /api/public/wishes/my 200 in 17ms (next.js: 3ms, application-code: 14ms)
 GET /api/public/wallet?userId=48 200 in 13ms (next.js: 7ms, application-code: 7ms)
 GET /api/public/pass/policies 200 in 27ms (next.js: 20ms, application-code: 7ms)
 OPTIONS /api/public/wishes/my 200 in 33ms (next.js: 28ms, application-code: 5ms)
 GET /api/public/attendance/status?userId=48 200 in 44ms (next.js: 36ms, application-code: 9ms)
 GET /api/public/notifications?userId=48&limit=50 200 in 29ms (next.js: 22ms, application-code: 7ms)
 GET /api/public/page-configs/home 200 in 32ms (next.js: 22ms, application-code: 10ms)
 GET /api/public/wallet?userId=48 200 in 30ms (next.js: 21ms, application-code: 9ms)
 GET /api/public/pass/policies 200 in 40ms (next.js: 31ms, application-code: 8ms)
 OPTIONS /api/public/wishes/my 200 in 45ms (next.js: 41ms, application-code: 3ms)
 GET /api/public/healing-quotes 200 in 40ms (next.js: 35ms, application-code: 5ms)
 GET /api/public/wishes/my 200 in 48ms (next.js: 30ms, application-code: 18ms)
 GET /api/public/attendance/status?userId=48 200 in 12ms (next.js: 8ms, application-code: 4ms)
 GET /api/public/wallet?userId=48 200 in 8ms (next.js: 3ms, application-code: 5ms)
 GET /api/public/wishes/my 200 in 11ms (next.js: 1852µs, application-code: 10ms)
 GET /api/public/wallet?userId=48 200 in 14ms (next.js: 3ms, application-code: 11ms)
 GET /api/public/pass/status?userId=48 200 in 23ms (next.js: 16ms, application-code: 8ms)
 GET /api/public/wallet?userId=48 200 in 14ms (next.js: 7ms, application-code: 7ms)
 OPTIONS /api/public/wishes/pending-openings 200 in 153ms (next.js: 148ms, application-code: 5ms)
 GET /api/public/pass/status?userId=48 200 in 152ms (next.js: 147ms, application-code: 5ms)
 GET /api/public/wallet?userId=48 200 in 9ms (next.js: 3ms, application-code: 5ms)
 GET /api/public/wishes/pending-openings 200 in 23ms (next.js: 9ms, application-code: 14ms)
